19:59:24 **** Incremental Build of configuration Debug for project EEE3096S_2022_Prac_2_Delays_and_I2C_Student_Version ****
make -j12 all 
arm-none-eabi-size   EEE3096S_2022_Prac_2_Delays_and_I2C_Student_Version.elf 
   text	   data	    bss	    dec	    hex	filename
  12716	     20	   1844	  14580	   38f4	EEE3096S_2022_Prac_2_Delays_and_I2C_Student_Version.elf
Finished building: default.size.stdout
 
19:59:27 **** Incremental Build of configuration Debug for project EEE3096S_2022_Prac_2_Delays_and_I2C_Student_Version ****
make -j12 all 
arm-none-eabi-size   EEE3096S_2022_Prac_2_Delays_and_I2C_Student_Version.elf 
   text	   data	    bss	    dec	    hex	filename
  12716	     20	   1844	  14580	   38f4	EEE3096S_2022_Prac_2_Delays_and_I2C_Student_Version.elf
Finished building: default.size.stdout
 
20:02:27 **** Incremental Build of configuration Debug for project EEE3096S_2022_Prac_2_Delays_and_I2C_Student_Version ****
make -j12 all 
arm-none-eabi-size   EEE3096S_2022_Prac_2_Delays_and_I2C_Student_Version.elf 
   text	   data	    bss	    dec	    hex	filename
  12716	     20	   1844	  14580	   38f4	EEE3096S_2022_Prac_2_Delays_and_I2C_Student_Version.elf
Finished building: default.size.stdout
 
